I'm sorry, but errors were detected in your script. Please correct the
errors listed below, and try again.


File "game/options.rpy", line 80: invalid syntax
            gm_root = "#dcebff",
                   ^
    

Ren'Py Version: Ren'Py 6.99.11.1749
